// Jest Snapshot v1, https://goo.gl/fbAQLP

exports[`Stream #makeRequest should return error event 1`] = `
Object {
  "message": "error",
}
`;
